{
  "books": [
    {
      "title": "Buddha Shakyamuni",
      "language": "zh",
      "author": "Chojuk Source Author 1",
      "versionSource": "བཟང་སྤྱོད་སྨོན་ལམ།",
      "content": [
        [
          "<1><1>v1大方廣佛華嚴經·v2入不思議解脫境界普賢行願品",
          "<1><2>梵文名為：阿雅 拔雜 札雅 巴倪 達拿 喇雜",
          "<1><3>藏文名為：帕巴 嗓缽 倔巴 夢浪 給 嘉缽",
          "<1><4>禮敬聖文殊童子",
          "<1><5>所有十方世界中，三世一切人師子，我以清淨身語意，一切遍禮盡無餘。",
          "<1><6>普賢行願威神力，普現一切如來前，一身復現刹塵身，一一遍禮刹塵佛。",
          "<1><7>於一塵中塵數佛，各處菩薩眾會中，無盡法界塵亦然，深信諸佛皆充滿。",
          "<1><8>各以一切音聲海，普出無盡妙言辭，盡於未來一切劫，讚佛甚深功德海。",
          "<1><9>以諸最勝妙華鬘，伎樂塗香及傘蓋，如是最勝莊嚴具，我以供養諸如來。",
          "<1><10>最勝衣服最勝香，末香燒香與燈燭，一一皆如妙高聚，我悉供養諸如來。"
        ]
      ],
      "direction": "ltr"
    }
  ]
}