རྒྱ་གར་སྐད་དུ། བོ་དྷི་སཏྭ་ཙརྱ་ཨ་བ་ཏཱ་ར།བོད་སྐད་དུ། བྱང་ཆུབ་སེམས་དཔའི་སྤྱོད་པ་ལ་འཇུག་པའི་ལེགས་པར་སྦྱར་བ།